// Jest Snapshot v1, https://goo.gl/fbAQLP

exports[`CommentCard matches snapshot 1`] = `
<div
  className="root"
>
  <h3
    className="name"
  >
    id labore ex et quam laborum
  </h3>
  <p
    className="body"
  >
    laudantium enim quasi est quidem magnam voluptate ipsam eos
tempora quo necessitatibus
dolor quam autem quasi
reiciendis et nam sapiente accusantium
  </p>
</div>
`;
